cargo :     Checking trade_engine v0.1.0 (C:\Users\baoji\code\vnrs)
所在位置 行:1 字符: 1
+ cargo check --features sqlite 2>&1 | Out-File -FilePath C:\Users\baoj ...
+ ~~~~~~~~~~~~~~~~~~~~~~~~~~~~~~~~~~
    + CategoryInfo          : NotSpecified: (    Checking tr...aoji\code\vnrs):String) [], RemoteException
    + FullyQualifiedErrorId : NativeCommandError
 
error[E0063]: missing fields `post_only` and `reduce_only` in initializer of `OrderData`
   --> src\gateway\binance\spot_gateway.rs:363:29
    |
363 |                 let order = OrderData {
    |                             ^^^^^^^^^ missing `post_only` and `reduce_only`

error[E0063]: missing fields `post_only` and `reduce_only` in initializer of `OrderData`
   --> src\gateway\binance\spot_gateway.rs:549:37
    |
549 |                         let order = OrderData {
    |                                     ^^^^^^^^^ missing `post_only` and `reduce_only`

error[E0063]: missing fields `post_only` and `reduce_only` in initializer of `OrderData`
   --> src\gateway\binance\usdt_gateway.rs:223:29
    |
223 |                 let order = OrderData {
    |                             ^^^^^^^^^ missing `post_only` and `reduce_only`

error[E0063]: missing fields `post_only` and `reduce_only` in initializer of `OrderData`
   --> src\gateway\binance\usdt_gateway.rs:536:37
    |
536 |                         let order = OrderData {
    |                                     ^^^^^^^^^ missing `post_only` and `reduce_only`

error[E0063]: missing fields `post_only` and `reduce_only` in initializer of `OrderData`
   --> src\alpha\strategy\backtesting.rs:500:21
    |
500 |         let order = OrderData {
    |                     ^^^^^^^^^ missing `post_only` and `reduce_only`

error[E0063]: missing fields `post_only` and `reduce_only` in initializer of `OrderData`
   --> src\gateway\binance\spot_gateway.rs:995:57
    |
995 | ...                   let order = crate::trader::OrderData {
    |                                   ^^^^^^^^^^^^^^^^^^^^^^^^ missing `post_only` and `reduce_only`

error[E0063]: missing fields `post_only` and `reduce_only` in initializer of `OrderData`
    --> src\gateway\binance\spot_gateway.rs:1079:55
     |
1079 | ...                   let corrected_order = OrderData {
     |                                             ^^^^^^^^^ missing `post_only` and `reduce_only`

error[E0063]: missing fields `post_only` and `reduce_only` in initializer of `OrderData`
   --> src\gateway\binance\usdt_gateway.rs:953:57
    |
953 | ...                   let order = crate::trader::OrderData {
    |                                   ^^^^^^^^^^^^^^^^^^^^^^^^ missing `post_only` and `reduce_only`

error[E0063]: missing fields `post_only` and `reduce_only` in initializer of `OrderData`
    --> src\gateway\binance\usdt_gateway.rs:1037:55
     |
1037 | ...                   let corrected_order = OrderData {
     |                                             ^^^^^^^^^ missing `post_only` and `reduce_only`

error[E0063]: missing fields `post_only` and `reduce_only` in initializer of `OrderData`
   --> src\backtesting\simulated_exchange.rs:419:21
    |
419 |         let order = OrderData {
    |                     ^^^^^^^^^ missing `post_only` and `reduce_only`

error[E0063]: missing fields `post_only` and `reduce_only` in initializer of `OrderData`
   --> src\backtesting\simulated_exchange.rs:493:16
    |
493 |             Ok(OrderData {
    |                ^^^^^^^^^ missing `post_only` and `reduce_only`

error[E0063]: missing fields `post_only` and `reduce_only` in initializer of `OrderData`
   --> src\backtesting\simulated_exchange.rs:649:25
    |
649 |             let order = OrderData {
    |                         ^^^^^^^^^ missing `post_only` and `reduce_only`

error[E0063]: missing fields `post_only` and `reduce_only` in initializer of `OrderData`
   --> src\backtesting\simulated_exchange.rs:793:25
    |
793 |             let order = OrderData {
    |                         ^^^^^^^^^ missing `post_only` and `reduce_only`

error[E0063]: missing fields `post_only` and `reduce_only` in initializer of `OrderData`
   --> src\backtesting\simulated_exchange.rs:965:26
    |
965 |         let temp_order = OrderData {
    |                          ^^^^^^^^^ missing `post_only` and `reduce_only`

error[E0063]: missing fields `post_only` and `reduce_only` in initializer of `OrderData`
   --> src\python\data_converter.rs:394:8
    |
394 |     Ok(crate::trader::OrderData {
    |        ^^^^^^^^^^^^^^^^^^^^^^^^ missing `post_only` and `reduce_only`

error[E0063]: missing fields `post_only` and `reduce_only` in initializer of `OrderData`
   --> src\python\risk_manager.rs:397:21
    |
397 |         let order = OrderData {
    |                     ^^^^^^^^^ missing `post_only` and `reduce_only`

For more information about this error, try `rustc --explain E0063`.
error: could not compile `trade_engine` (lib) due to 16 previous errors
